// Jest Snapshot v1, https://goo.gl/fbAQLP

exports[`<Loading /> renders the <Loading.ReleaseBody /> 1`] = `null`;
